2025-05-12 16:42:03,930 - postgres_ingestion - INFO - logging into /data/timestream-github-tools/tools/python/migration-scripts/Ingest_S3_to_postgressql/postgres-ingestion-logs/postgres_ingestion_20250512_164203.log
2025-05-12 16:42:04,072 - postgres_ingestion - INFO - Successfully validated SNS topic with test message: arn:aws:sns:us-east-1:900661324596:batchload_test (Message ID: fc52b6e8-ffe5-5915-827b-d674d8f9690e)
2025-05-12 16:42:04,198 - postgres_ingestion - INFO - Connecting to database-1.cluster-ctxunyvlec9g.us-east-1.rds.amazonaws.com as user postgres for database postgres_testing
2025-05-12 16:42:04,213 - postgres_ingestion - INFO - Successfully created database connection pool
2025-05-12 16:42:04,216 - postgres_ingestion - INFO - Processed files will be moved to: /data/processed_demolarge_restored_postgres_testing after processing
2025-05-12 16:42:04,216 - postgres_ingestion - INFO - Found 4 CSV files in /data/csv_files/*.csv
2025-05-12 16:42:04,216 - postgres_ingestion - INFO - Starting ingestion of 4 files in {4} threads
2025-05-12 16:42:04,216 - postgres_ingestion - INFO - Processing file: /data/csv_files/AEBQEAN4F2Y4WO7URE67MCHF6SWM4ON66XGE7DJBRIFCSLXBY5VBJMSRJ5AWA4Y_0344000381_1HSV8IdQ8zMsgzdr.csv
2025-05-12 16:42:04,217 - postgres_ingestion - INFO - COPY demolarge_restored (specs, rack, design, hypervisor, host, pid, data_center, model, region, type, make, capacity, measure_name, time, cpu_utilization, memory, network_out, cpu_node11, cpu_node3, network_in, cpu_node10, cpu_node4, cpu_node1, cpu_node13, cpu_node12, cpu_node2, cpu_node15, cpu_node7, cpu_node14, cpu_node8, cpu_node5, cpu_node16, cpu_node6, cpu_node9, network_mb) FROM STDIN WITH (FORMAT csv,HEADER true,NULL '');
2025-05-12 16:42:04,227 - postgres_ingestion - INFO - Processing file: /data/csv_files/AEBQEAN4F2Y4WO7URE67MCHF6SWM4ON66XGE7DJBRIFCSLXBY5VBJMSRJ5AWA4Y_0344000381_fNQsojgEcEKXR6gM.csv
2025-05-12 16:42:04,227 - postgres_ingestion - INFO - COPY demolarge_restored (specs, rack, design, hypervisor, host, pid, data_center, model, region, type, make, capacity, measure_name, time, cpu_utilization, memory, network_out, cpu_node11, cpu_node3, network_in, cpu_node10, cpu_node4, cpu_node1, cpu_node13, cpu_node12, cpu_node2, cpu_node15, cpu_node7, cpu_node14, cpu_node8, cpu_node5, cpu_node16, cpu_node6, cpu_node9, network_mb) FROM STDIN WITH (FORMAT csv,HEADER true,NULL '');
2025-05-12 16:42:04,230 - postgres_ingestion - INFO - Processing file: /data/csv_files/AEBQEAN4F2Y4WO7URE67MCHF6SWM4ON66XGE7DJBRIFCSLXBY5VBJMSRJ5AWA4Y_0344000381_fgBFq23uHkDabYkE.csv
2025-05-12 16:42:04,231 - postgres_ingestion - INFO - COPY demolarge_restored (specs, rack, design, hypervisor, host, pid, data_center, model, region, type, make, capacity, measure_name, time, cpu_utilization, memory, network_out, cpu_node11, cpu_node3, network_in, cpu_node10, cpu_node4, cpu_node1, cpu_node13, cpu_node12, cpu_node2, cpu_node15, cpu_node7, cpu_node14, cpu_node8, cpu_node5, cpu_node16, cpu_node6, cpu_node9, network_mb) FROM STDIN WITH (FORMAT csv,HEADER true,NULL '');
2025-05-12 16:42:04,231 - postgres_ingestion - INFO - Processing file: /data/csv_files/AEBQEAN4F2Y4WO7URE67MCHF6SWM4ON66XGE7DJBRIFCSLXBY5VBJMSRJ5AWA4Y_0344000381_iY2TcR0xIEs2CFLA.csv
2025-05-12 16:42:04,231 - postgres_ingestion - INFO - COPY demolarge_restored (specs, rack, design, hypervisor, host, pid, data_center, model, region, type, make, capacity, measure_name, time, cpu_utilization, memory, network_out, cpu_node11, cpu_node3, network_in, cpu_node10, cpu_node4, cpu_node1, cpu_node13, cpu_node12, cpu_node2, cpu_node15, cpu_node7, cpu_node14, cpu_node8, cpu_node5, cpu_node16, cpu_node6, cpu_node9, network_mb) FROM STDIN WITH (FORMAT csv,HEADER true,NULL '');
2025-05-12 16:42:05,693 - postgres_ingestion - INFO - Successfully Copied: /data/csv_files/AEBQEAN4F2Y4WO7URE67MCHF6SWM4ON66XGE7DJBRIFCSLXBY5VBJMSRJ5AWA4Y_0344000381_iY2TcR0xIEs2CFLA.csv,Time taken : 0 minutes and 0 seconds
2025-05-12 16:42:05,693 - postgres_ingestion - INFO - Moved /data/csv_files/AEBQEAN4F2Y4WO7URE67MCHF6SWM4ON66XGE7DJBRIFCSLXBY5VBJMSRJ5AWA4Y_0344000381_iY2TcR0xIEs2CFLA.csv to /data/processed_demolarge_restored_postgres_testing/AEBQEAN4F2Y4WO7URE67MCHF6SWM4ON66XGE7DJBRIFCSLXBY5VBJMSRJ5AWA4Y_0344000381_iY2TcR0xIEs2CFLA.csv
2025-05-12 16:42:05,706 - postgres_ingestion - INFO - Successfully Copied: /data/csv_files/AEBQEAN4F2Y4WO7URE67MCHF6SWM4ON66XGE7DJBRIFCSLXBY5VBJMSRJ5AWA4Y_0344000381_fgBFq23uHkDabYkE.csv,Time taken : 0 minutes and 1 seconds
2025-05-12 16:42:05,706 - postgres_ingestion - INFO - Moved /data/csv_files/AEBQEAN4F2Y4WO7URE67MCHF6SWM4ON66XGE7DJBRIFCSLXBY5VBJMSRJ5AWA4Y_0344000381_fgBFq23uHkDabYkE.csv to /data/processed_demolarge_restored_postgres_testing/AEBQEAN4F2Y4WO7URE67MCHF6SWM4ON66XGE7DJBRIFCSLXBY5VBJMSRJ5AWA4Y_0344000381_fgBFq23uHkDabYkE.csv
2025-05-12 16:42:05,707 - postgres_ingestion - INFO - Successfully Copied: /data/csv_files/AEBQEAN4F2Y4WO7URE67MCHF6SWM4ON66XGE7DJBRIFCSLXBY5VBJMSRJ5AWA4Y_0344000381_fNQsojgEcEKXR6gM.csv,Time taken : 0 minutes and 1 seconds
2025-05-12 16:42:05,708 - postgres_ingestion - INFO - Moved /data/csv_files/AEBQEAN4F2Y4WO7URE67MCHF6SWM4ON66XGE7DJBRIFCSLXBY5VBJMSRJ5AWA4Y_0344000381_fNQsojgEcEKXR6gM.csv to /data/processed_demolarge_restored_postgres_testing/AEBQEAN4F2Y4WO7URE67MCHF6SWM4ON66XGE7DJBRIFCSLXBY5VBJMSRJ5AWA4Y_0344000381_fNQsojgEcEKXR6gM.csv
2025-05-12 16:42:05,743 - postgres_ingestion - INFO - Successfully Copied: /data/csv_files/AEBQEAN4F2Y4WO7URE67MCHF6SWM4ON66XGE7DJBRIFCSLXBY5VBJMSRJ5AWA4Y_0344000381_1HSV8IdQ8zMsgzdr.csv,Time taken : 0 minutes and 1 seconds
2025-05-12 16:42:05,743 - postgres_ingestion - INFO - Moved /data/csv_files/AEBQEAN4F2Y4WO7URE67MCHF6SWM4ON66XGE7DJBRIFCSLXBY5VBJMSRJ5AWA4Y_0344000381_1HSV8IdQ8zMsgzdr.csv to /data/processed_demolarge_restored_postgres_testing/AEBQEAN4F2Y4WO7URE67MCHF6SWM4ON66XGE7DJBRIFCSLXBY5VBJMSRJ5AWA4Y_0344000381_1HSV8IdQ8zMsgzdr.csv
2025-05-12 16:42:05,743 - postgres_ingestion - INFO - Start time: 2025-05-12 16:42:04.216173
2025-05-12 16:42:05,743 - postgres_ingestion - INFO - End time: 2025-05-12 16:42:05.743692
2025-05-12 16:42:05,743 - postgres_ingestion - INFO - Duration: 0:00:01.527519
